// Vitest Snapshot v1, https://vitest.dev/guide/snapshot.html

exports[`visibility by role > shows only non-admin dashboards to a plain user 1`] = `
Array [
  "Mass Event Log",
  "Cadet List",
  "Record Categories",
  "Classification Tracker",
  "Flight Points",
  "End of Year Certificates",
  "PTS Tracker",
]
`;
