// Jest Snapshot v1, https://goo.gl/fbAQLP

exports[`where all three agree scores every event kind identically 1`] = `
Object {
  "badge:Blue": 5,
  "badge:Bronze": 10,
  "badge:Gold": 20,
  "badge:Silver": 15,
  "category:National Event": 12,
  "category:Parade Night": 1,
  "category:Regional Event": 8,
  "category:Squadron Event": 3,
  "category:Wing Event": 5,
  "event:uncategorised": 0,
  "exam": 8,
  "special": 25,
}
`;
